[{"spans":[{"mono":true,"text":"Hello world"}],"t":"rich_text"},{"spans":[{"font_weight":"bold","mono":true,"text":"bold"},{"mono":true,"text":" and "},{"color":"#FF0000","mono":true,"text":"red"},{"mono":true,"text":" "},{"mono":true,"text":"ul","underline":true}],"t":"rich_text"},{"spans":[{"mono":true,"text":"a       b"}],"t":"rich_text"},{"spans":[{"text":" "}],"t":"rich_text"},{"spans":[{"mono":true,"on_tap":{"action":"emacs.buffer.act","args":{"buffer":"*jc1-fixture*","pos":34}},"text":"press me","underline":true}],"t":"rich_text"}]